// Jest Snapshot v1, https://goo.gl/fbAQLP

exports[`vue-jsx-hot-loader test cases file A should be transform right 1`] = `
"export default () => <div>23423423411dd</div>;
"
`;

exports[`vue-jsx-hot-loader test cases file App should be transform right 1`] = `
"import { defineComponent } from 'vue'
import A from './A'
import { B } from './B'
import C from './C'

const App = defineComponent({
  data() {
    return {
      a: 1,
    }
  },
  render() {
    const { a } = this
    return (
      <>
        {a}
        <div
          onClick={() => {
            this.a++
          }}
        >
          Hello World!
        </div>
        <A />
        <B />
        <C />
      </>
    )
  },
})
export default App
"
`;

exports[`vue-jsx-hot-loader test cases file B should be transform right 1`] = `
"import { defineComponent } from 'vue';

const B = defineComponent({
  data() {
    return {
      a: 1
    }
  },
  render() {
    const { a } = this;
    return (
      <>
        <div onClick={() => { this.a++; }}>{a}d4s</div>
        <span>2324234</span>
      </>
    );
  }
});

export {
  B
};
"
`;

exports[`vue-jsx-hot-loader test cases file C should be transform right 1`] = `undefined`;

exports[`vue-jsx-hot-loader test cases file t.ts should be transform right 1`] = `
"export const test = '123'
"
`;
